To honour the JVM settings for this build a single-use Daemon process will be forked. For more on this, please refer to https://docs.gradle.org/8.5/userguide/gradle_daemon.html#sec:disabling_the_daemon in the Gradle documentation.
Daemon will be stopped at the end of the build 
Warning: SDK processing. This version only understands SDK XML versions up to 3 but an SDK XML file of version 4 was encountered. This can happen if you use versions of Android Studio and the command-line tools that were released at different times.
> Task :app:preBuild UP-TO-DATE
> Task :app:preDebugBuild UP-TO-DATE
> Task :app:mergeDebugNativeDebugMetadata NO-SOURCE
> Task :app:dataBindingMergeDependencyArtifactsDebug UP-TO-DATE
> Task :app:generateDebugResValues UP-TO-DATE
> Task :app:generateDebugResources UP-TO-DATE
> Task :app:mergeDebugResources UP-TO-DATE
> Task :app:packageDebugResources UP-TO-DATE
> Task :app:parseDebugLocalResources UP-TO-DATE
> Task :app:dataBindingGenBaseClassesDebug UP-TO-DATE
> Task :app:checkDebugAarMetadata UP-TO-DATE
> Task :app:mapDebugSourceSetPaths UP-TO-DATE
> Task :app:createDebugCompatibleScreenManifests UP-TO-DATE
> Task :app:extractDeepLinksDebug UP-TO-DATE
> Task :app:processDebugMainManifest UP-TO-DATE
> Task :app:processDebugManifest UP-TO-DATE
> Task :app:processDebugManifestForPackage UP-TO-DATE
> Task :app:processDebugResources UP-TO-DATE
> Task :app:javaPreCompileDebug UP-TO-DATE
> Task :app:mergeDebugShaders UP-TO-DATE
> Task :app:compileDebugShaders NO-SOURCE
> Task :app:generateDebugAssets UP-TO-DATE
> Task :app:mergeDebugAssets UP-TO-DATE
> Task :app:compressDebugAssets UP-TO-DATE
> Task :app:checkDebugDuplicateClasses UP-TO-DATE
> Task :app:desugarDebugFileDependencies UP-TO-DATE
> Task :app:mergeExtDexDebug UP-TO-DATE
> Task :app:mergeLibDexDebug UP-TO-DATE
> Task :app:mergeDebugJniLibFolders UP-TO-DATE
> Task :app:mergeDebugNativeLibs NO-SOURCE
> Task :app:stripDebugDebugSymbols NO-SOURCE
> Task :app:validateSigningDebug UP-TO-DATE
> Task :app:writeDebugAppMetadata UP-TO-DATE
> Task :app:writeDebugSigningConfigVersions UP-TO-DATE
> Task :app:compileDebugKotlin
w: file:///D:/12306/app/src/main/java/com/railway/ticketsystem/activity/TrainDetailActivity.kt:38:32 'getSerializableExtra(String!): Serializable?' is deprecated. Deprecated in Java
w: file:///D:/12306/app/src/main/java/com/railway/ticketsystem/data/LatestRailwayNetwork.kt:147:48 Name shadowed: name
w: file:///D:/12306/app/src/main/java/com/railway/ticketsystem/data/RailwayData.kt:285:90 Parameter 'index' is never used
w: file:///D:/12306/app/src/main/java/com/railway/ticketsystem/data/TrainGenerator.kt:161:90 Parameter 'index' is never used
w: file:///D:/12306/app/src/main/java/com/railway/ticketsystem/data/TrainGenerator.kt:812:85 Parameter 'connectionStation' is never used
w: file:///D:/12306/app/src/main/java/com/railway/ticketsystem/MainActivity.kt:224:36 Parameter 'fragment' is never used
w: file:///D:/12306/app/src/main/java/com/railway/ticketsystem/activity/AdvancedSearchResultsActivity.kt:122:30 'setter for systemUiVisibility: Int' is deprecated. Deprecated in Java
w: file:///D:/12306/app/src/main/java/com/railway/ticketsystem/activity/AdvancedSearchResultsActivity.kt:122:68 'getter for systemUiVisibility: Int' is deprecated. Deprecated in Java
w: file:///D:/12306/app/src/main/java/com/railway/ticketsystem/activity/AdvancedSearchResultsActivity.kt:122:95 'SYSTEM_UI_FLAG_LIGHT_STATUS_BAR: Int' is deprecated. Deprecated in Java
w: file:///D:/12306/app/src/main/java/com/railway/ticketsystem/activity/AdvancedSearchResultsActivity.kt:125:30 'setter for systemUiVisibility: Int' is deprecated. Deprecated in Java
w: file:///D:/12306/app/src/main/java/com/railway/ticketsystem/activity/AdvancedSearchResultsActivity.kt:125:68 'getter for systemUiVisibility: Int' is deprecated. Deprecated in Java
w: file:///D:/12306/app/src/main/java/com/railway/ticketsystem/activity/AdvancedSearchResultsActivity.kt:125:95 'SYSTEM_UI_FLAG_LIGHT_NAVIGATION_BAR: Int' is deprecated. Deprecated in Java
w: file:///D:/12306/app/src/main/java/com/railway/ticketsystem/activity/AdvancedSearchResultsActivity.kt:423:24 Parameter 'view' is never used
w: file:///D:/12306/app/src/main/java/com/railway/ticketsystem/activity/AdvancedSearchResultsActivity.kt:429:24 Parameter 'view' is never used
w: file:///D:/12306/app/src/main/java/com/railway/ticketsystem/activity/AdvancedSearchResultsActivity.kt:435:24 Parameter 'view' is never used
w: file:///D:/12306/app/src/main/java/com/railway/ticketsystem/activity/ChangeTicketActivity.kt:35:32 'getSerializableExtra(String!): Serializable?' is deprecated. Deprecated in Java
w: file:///D:/12306/app/src/main/java/com/railway/ticketsystem/activity/ChangeTicketSeatActivity.kt:52:32 'getSerializableExtra(String!): Serializable?' is deprecated. Deprecated in Java
w: file:///D:/12306/app/src/main/java/com/railway/ticketsystem/activity/ChangeTicketSeatActivity.kt:53:27 'getSerializableExtra(String!): Serializable?' is deprecated. Deprecated in Java
w: file:///D:/12306/app/src/main/java/com/railway/ticketsystem/activity/ChangeTicketSeatActivity.kt:109:53 'getColor(Int): Int' is deprecated. Deprecated in Java
w: file:///D:/12306/app/src/main/java/com/railway/ticketsystem/activity/ChangeTicketSeatActivity.kt:110:47 'getColor(Int): Int' is deprecated. Deprecated in Java
w: file:///D:/12306/app/src/main/java/com/railway/ticketsystem/activity/ChangeTicketSeatActivity.kt:112:53 'getColor(Int): Int' is deprecated. Deprecated in Java
w: file:///D:/12306/app/src/main/java/com/railway/ticketsystem/activity/ChangeTicketSeatActivity.kt:113:91 'getColor(Int): Int' is deprecated. Deprecated in Java
w: file:///D:/12306/app/src/main/java/com/railway/ticketsystem/activity/ChangeTicketSeatActivity.kt:115:47 'getColor(Int): Int' is deprecated. Deprecated in Java
w: file:///D:/12306/app/src/main/java/com/railway/ticketsystem/activity/ChangeTicketSeatActivity.kt:139:53 'getColor(Int): Int' is deprecated. Deprecated in Java
w: file:///D:/12306/app/src/main/java/com/railway/ticketsystem/activity/ChangeTicketSeatActivity.kt:140:47 'getColor(Int): Int' is deprecated. Deprecated in Java
w: file:///D:/12306/app/src/main/java/com/railway/ticketsystem/activity/ChangeTicketSeatActivity.kt:142:53 'getColor(Int): Int' is deprecated. Deprecated in Java
w: file:///D:/12306/app/src/main/java/com/railway/ticketsystem/activity/ChangeTicketSeatActivity.kt:143:91 'getColor(Int): Int' is deprecated. Deprecated in Java
w: file:///D:/12306/app/src/main/java/com/railway/ticketsystem/activity/ChangeTicketSeatActivity.kt:145:47 'getColor(Int): Int' is deprecated. Deprecated in Java
w: file:///D:/12306/app/src/main/java/com/railway/ticketsystem/activity/ChangeTicketSeatActivity.kt:160:13 Variable 'seatCount' is never used
w: file:///D:/12306/app/src/main/java/com/railway/ticketsystem/activity/ChangeTicketSeatActivity.kt:208:53 'getColor(Int): Int' is deprecated. Deprecated in Java
w: file:///D:/12306/app/src/main/java/com/railway/ticketsystem/activity/ChangeTicketSeatActivity.kt:209:47 'getColor(Int): Int' is deprecated. Deprecated in Java
w: file:///D:/12306/app/src/main/java/com/railway/ticketsystem/activity/ChangeTicketSeatActivity.kt:233:62 'getColor(Int): Int' is deprecated. Deprecated in Java
w: file:///D:/12306/app/src/main/java/com/railway/ticketsystem/activity/ChangeTicketSeatActivity.kt:242:62 'getColor(Int): Int' is deprecated. Deprecated in Java
w: file:///D:/12306/app/src/main/java/com/railway/ticketsystem/activity/ChangeTicketSeatActivity.kt:245:62 'getColor(Int): Int' is deprecated. Deprecated in Java
w: file:///D:/12306/app/src/main/java/com/railway/ticketsystem/activity/ChangeTicketSeatActivity.kt:331:13 The value 'true' assigned to 'var reservedNewInventory: Boolean defined in com.railway.ticketsystem.activity.ChangeTicketSeatActivity.processChangeTicket' is never used
w: file:///D:/12306/app/src/main/java/com/railway/ticketsystem/activity/MultiRidePassActivity.kt:43:36 'getSerializableExtra(String!): Serializable?' is deprecated. Deprecated in Java
w: file:///D:/12306/app/src/main/java/com/railway/ticketsystem/activity/OrderConfirmActivity.kt:89:31 'getSerializableExtra(String!): Serializable?' is deprecated. Deprecated in Java
w: file:///D:/12306/app/src/main/java/com/railway/ticketsystem/activity/OrderConfirmActivity.kt:90:32 'getSerializableExtra(String!): Serializable?' is deprecated. Deprecated in Java
w: file:///D:/12306/app/src/main/java/com/railway/ticketsystem/activity/OrderConfirmActivity.kt:114:28 'getSerializableExtra(String!): Serializable?' is deprecated. Deprecated in Java
w: file:///D:/12306/app/src/main/java/com/railway/ticketsystem/activity/SearchResultsActivity.kt:167:30 'setter for systemUiVisibility: Int' is deprecated. Deprecated in Java
w: file:///D:/12306/app/src/main/java/com/railway/ticketsystem/activity/SearchResultsActivity.kt:167:68 'getter for systemUiVisibility: Int' is deprecated. Deprecated in Java
w: file:///D:/12306/app/src/main/java/com/railway/ticketsystem/activity/SearchResultsActivity.kt:167:95 'SYSTEM_UI_FLAG_LIGHT_STATUS_BAR: Int' is deprecated. Deprecated in Java
w: file:///D:/12306/app/src/main/java/com/railway/ticketsystem/activity/SearchResultsActivity.kt:170:30 'setter for systemUiVisibility: Int' is deprecated. Deprecated in Java
w: file:///D:/12306/app/src/main/java/com/railway/ticketsystem/activity/SearchResultsActivity.kt:170:68 'getter for systemUiVisibility: Int' is deprecated. Deprecated in Java
w: file:///D:/12306/app/src/main/java/com/railway/ticketsystem/activity/SearchResultsActivity.kt:170:95 'SYSTEM_UI_FLAG_LIGHT_NAVIGATION_BAR: Int' is deprecated. Deprecated in Java
w: file:///D:/12306/app/src/main/java/com/railway/ticketsystem/activity/SearchResultsActivity.kt:187:24 Parameter 'view' is never used
w: file:///D:/12306/app/src/main/java/com/railway/ticketsystem/activity/SearchResultsActivity.kt:195:24 Parameter 'view' is never used
w: file:///D:/12306/app/src/main/java/com/railway/ticketsystem/activity/SearchResultsActivity.kt:203:24 Parameter 'view' is never used
w: file:///D:/12306/app/src/main/java/com/railway/ticketsystem/activity/SearchResultsActivity.kt:230:57 Type mismatch: inferred type is Date? but Date was expected
w: file:///D:/12306/app/src/main/java/com/railway/ticketsystem/activity/SeatSelectionActivity.kt:64:31 'getSerializableExtra(String!): Serializable?' is deprecated. Deprecated in Java
w: file:///D:/12306/app/src/main/java/com/railway/ticketsystem/activity/SeatSelectionActivity.kt:65:32 'getSerializableExtra(String!): Serializable?' is deprecated. Deprecated in Java
w: file:///D:/12306/app/src/main/java/com/railway/ticketsystem/activity/SeatSelectionActivity.kt:88:28 'getSerializableExtra(String!): Serializable?' is deprecated. Deprecated in Java
w: file:///D:/12306/app/src/main/java/com/railway/ticketsystem/data/AsyncDataLoader.kt:148:51 Parameter 'routes' is never used
w: file:///D:/12306/app/src/main/java/com/railway/ticketsystem/data/AsyncDataLoader.kt:164:54 Parameter 'routes' is never used
w: file:///D:/12306/app/src/main/java/com/railway/ticketsystem/data/AsyncDataLoader.kt:181:9 Parameter 'routes' is never used
w: file:///D:/12306/app/src/main/java/com/railway/ticketsystem/data/AsyncDataLoader.kt:182:9 Parameter 'stations' is never used
w: file:///D:/12306/app/src/main/java/com/railway/ticketsystem/data/AsyncDataLoader.kt:183:9 Parameter 'directTrains' is never used
w: file:///D:/12306/app/src/main/java/com/railway/ticketsystem/data/AsyncDataLoader.kt:184:9 Parameter 'crossLineTrains' is never used
w: file:///D:/12306/app/src/main/java/com/railway/ticketsystem/data/DataCacheManager.kt:94:51 Unchecked cast: Any! to List<RailwayRoute>
w: file:///D:/12306/app/src/main/java/com/railway/ticketsystem/data/DataCacheManager.kt:144:51 Unchecked cast: Any! to List<Train>
w: file:///D:/12306/app/src/main/java/com/railway/ticketsystem/data/DataCacheManager.kt:234:51 Unchecked cast: Any! to List<Train>
w: file:///D:/12306/app/src/main/java/com/railway/ticketsystem/data/RailwayGraph.kt:85:42 Unsafe use of a nullable receiver of type Pair<String, Double>?
w: file:///D:/12306/app/src/main/java/com/railway/ticketsystem/data/RailwayGraphManager.kt:59:13 Variable 'stationMap' is never used
w: file:///D:/12306/app/src/main/java/com/railway/ticketsystem/data/RailwayGraphManager.kt:289:13 Variable 'station' is never used
w: file:///D:/12306/app/src/main/java/com/railway/ticketsystem/fragment/TicketsFragment.kt:124:9 'startActivityForResult(Intent, Int): Unit' is deprecated. Deprecated in Java
w: file:///D:/12306/app/src/main/java/com/railway/ticketsystem/fragment/TicketsFragment.kt:128:15 'onActivityResult(Int, Int, Intent?): Unit' is deprecated. Deprecated in Java
w: file:///D:/12306/app/src/main/java/com/railway/ticketsystem/fragment/TicketsFragment.kt:131:40 'getSerializableExtra(String!): Serializable?' is deprecated. Deprecated in Java

> Task :app:compileDebugJavaWithJavac UP-TO-DATE
> Task :app:processDebugJavaRes UP-TO-DATE
> Task :app:mergeDebugJavaResource UP-TO-DATE
> Task :app:dexBuilderDebug
> Task :app:mergeProjectDexDebug
> Task :app:packageDebug
> Task :app:assembleDebug
> Task :app:copyDebugApk
> Task :app:createDebugApkListingFileRedirect UP-TO-DATE

BUILD SUCCESSFUL in 53s
35 actionable tasks: 5 executed, 30 up-to-date
