To honour the JVM settings for this build a single-use Daemon process will be forked. For more on this, please refer to https://docs.gradle.org/8.5/userguide/gradle_daemon.html#sec:disabling_the_daemon in the Gradle documentation.
Daemon will be stopped at the end of the build 
Warning: SDK processing. This version only understands SDK XML versions up to 3 but an SDK XML file of version 4 was encountered. This can happen if you use versions of Android Studio and the command-line tools that were released at different times.
> Task :app:preBuild UP-TO-DATE
> Task :app:preDebugBuild UP-TO-DATE
> Task :app:mergeDebugNativeDebugMetadata NO-SOURCE
> Task :app:dataBindingMergeDependencyArtifactsDebug UP-TO-DATE
> Task :app:generateDebugResValues UP-TO-DATE
> Task :app:generateDebugResources UP-TO-DATE
> Task :app:packageDebugResources
> Task :app:mergeDebugResources
> Task :app:checkDebugAarMetadata UP-TO-DATE
> Task :app:mapDebugSourceSetPaths
> Task :app:createDebugCompatibleScreenManifests UP-TO-DATE
> Task :app:extractDeepLinksDebug UP-TO-DATE
> Task :app:processDebugMainManifest UP-TO-DATE
> Task :app:processDebugManifest UP-TO-DATE
> Task :app:processDebugManifestForPackage UP-TO-DATE
> Task :app:javaPreCompileDebug UP-TO-DATE
> Task :app:mergeDebugShaders UP-TO-DATE
> Task :app:compileDebugShaders NO-SOURCE
> Task :app:generateDebugAssets UP-TO-DATE
> Task :app:parseDebugLocalResources
> Task :app:mergeDebugAssets UP-TO-DATE
> Task :app:dataBindingGenBaseClassesDebug
> Task :app:compressDebugAssets UP-TO-DATE
> Task :app:checkDebugDuplicateClasses UP-TO-DATE
> Task :app:desugarDebugFileDependencies UP-TO-DATE
> Task :app:mergeExtDexDebug UP-TO-DATE
> Task :app:mergeLibDexDebug UP-TO-DATE
> Task :app:mergeDebugJniLibFolders UP-TO-DATE
> Task :app:mergeDebugNativeLibs NO-SOURCE
> Task :app:stripDebugDebugSymbols NO-SOURCE
> Task :app:validateSigningDebug UP-TO-DATE
> Task :app:writeDebugAppMetadata UP-TO-DATE
> Task :app:writeDebugSigningConfigVersions UP-TO-DATE
> Task :app:processDebugResources
> Task :app:compileDebugKotlin
w: file:///D:/12306/app/src/main/java/com/railway/ticketsystem/activity/ChangeTicketSeatActivity.kt:52:32 'getSerializableExtra(String!): Serializable?' is deprecated. Deprecated in Java
w: file:///D:/12306/app/src/main/java/com/railway/ticketsystem/activity/ChangeTicketSeatActivity.kt:53:27 'getSerializableExtra(String!): Serializable?' is deprecated. Deprecated in Java
w: file:///D:/12306/app/src/main/java/com/railway/ticketsystem/activity/ChangeTicketSeatActivity.kt:113:53 'getColor(Int): Int' is deprecated. Deprecated in Java
w: file:///D:/12306/app/src/main/java/com/railway/ticketsystem/activity/ChangeTicketSeatActivity.kt:114:47 'getColor(Int): Int' is deprecated. Deprecated in Java
w: file:///D:/12306/app/src/main/java/com/railway/ticketsystem/activity/ChangeTicketSeatActivity.kt:116:53 'getColor(Int): Int' is deprecated. Deprecated in Java
w: file:///D:/12306/app/src/main/java/com/railway/ticketsystem/activity/ChangeTicketSeatActivity.kt:117:91 'getColor(Int): Int' is deprecated. Deprecated in Java
w: file:///D:/12306/app/src/main/java/com/railway/ticketsystem/activity/ChangeTicketSeatActivity.kt:119:47 'getColor(Int): Int' is deprecated. Deprecated in Java
w: file:///D:/12306/app/src/main/java/com/railway/ticketsystem/activity/ChangeTicketSeatActivity.kt:143:53 'getColor(Int): Int' is deprecated. Deprecated in Java
w: file:///D:/12306/app/src/main/java/com/railway/ticketsystem/activity/ChangeTicketSeatActivity.kt:144:47 'getColor(Int): Int' is deprecated. Deprecated in Java
w: file:///D:/12306/app/src/main/java/com/railway/ticketsystem/activity/ChangeTicketSeatActivity.kt:146:53 'getColor(Int): Int' is deprecated. Deprecated in Java
w: file:///D:/12306/app/src/main/java/com/railway/ticketsystem/activity/ChangeTicketSeatActivity.kt:147:91 'getColor(Int): Int' is deprecated. Deprecated in Java
w: file:///D:/12306/app/src/main/java/com/railway/ticketsystem/activity/ChangeTicketSeatActivity.kt:149:47 'getColor(Int): Int' is deprecated. Deprecated in Java
w: file:///D:/12306/app/src/main/java/com/railway/ticketsystem/activity/ChangeTicketSeatActivity.kt:164:13 Variable 'seatCount' is never used
w: file:///D:/12306/app/src/main/java/com/railway/ticketsystem/activity/ChangeTicketSeatActivity.kt:212:53 'getColor(Int): Int' is deprecated. Deprecated in Java
w: file:///D:/12306/app/src/main/java/com/railway/ticketsystem/activity/ChangeTicketSeatActivity.kt:213:47 'getColor(Int): Int' is deprecated. Deprecated in Java
w: file:///D:/12306/app/src/main/java/com/railway/ticketsystem/activity/ChangeTicketSeatActivity.kt:237:62 'getColor(Int): Int' is deprecated. Deprecated in Java
w: file:///D:/12306/app/src/main/java/com/railway/ticketsystem/activity/ChangeTicketSeatActivity.kt:246:62 'getColor(Int): Int' is deprecated. Deprecated in Java
w: file:///D:/12306/app/src/main/java/com/railway/ticketsystem/activity/ChangeTicketSeatActivity.kt:249:62 'getColor(Int): Int' is deprecated. Deprecated in Java
w: file:///D:/12306/app/src/main/java/com/railway/ticketsystem/activity/ChangeTicketSeatActivity.kt:335:13 The value 'true' assigned to 'var reservedNewInventory: Boolean defined in com.railway.ticketsystem.activity.ChangeTicketSeatActivity.processChangeTicket' is never used
w: file:///D:/12306/app/src/main/java/com/railway/ticketsystem/activity/OrderConfirmActivity.kt:89:31 'getSerializableExtra(String!): Serializable?' is deprecated. Deprecated in Java
w: file:///D:/12306/app/src/main/java/com/railway/ticketsystem/activity/OrderConfirmActivity.kt:90:32 'getSerializableExtra(String!): Serializable?' is deprecated. Deprecated in Java
w: file:///D:/12306/app/src/main/java/com/railway/ticketsystem/activity/OrderConfirmActivity.kt:114:28 'getSerializableExtra(String!): Serializable?' is deprecated. Deprecated in Java
w: file:///D:/12306/app/src/main/java/com/railway/ticketsystem/activity/SearchResultsActivity.kt:145:31 Parameter 'mode' is never used
w: file:///D:/12306/app/src/main/java/com/railway/ticketsystem/activity/SearchResultsActivity.kt:164:24 Parameter 'view' is never used
w: file:///D:/12306/app/src/main/java/com/railway/ticketsystem/activity/SearchResultsActivity.kt:172:24 Parameter 'view' is never used
w: file:///D:/12306/app/src/main/java/com/railway/ticketsystem/activity/SearchResultsActivity.kt:180:24 Parameter 'view' is never used
w: file:///D:/12306/app/src/main/java/com/railway/ticketsystem/activity/SearchResultsActivity.kt:207:57 Type mismatch: inferred type is Date? but Date was expected
w: file:///D:/12306/app/src/main/java/com/railway/ticketsystem/activity/SeatSelectionActivity.kt:64:31 'getSerializableExtra(String!): Serializable?' is deprecated. Deprecated in Java
w: file:///D:/12306/app/src/main/java/com/railway/ticketsystem/activity/SeatSelectionActivity.kt:65:32 'getSerializableExtra(String!): Serializable?' is deprecated. Deprecated in Java
w: file:///D:/12306/app/src/main/java/com/railway/ticketsystem/activity/SeatSelectionActivity.kt:87:28 'getSerializableExtra(String!): Serializable?' is deprecated. Deprecated in Java
w: file:///D:/12306/app/src/main/java/com/railway/ticketsystem/activity/TrainDetailActivity.kt:28:32 'getSerializableExtra(String!): Serializable?' is deprecated. Deprecated in Java
w: file:///D:/12306/app/src/main/java/com/railway/ticketsystem/activity/TripDetailActivity.kt:519:50 Parameter 'which' is never used, could be renamed to _
w: file:///D:/12306/app/src/main/java/com/railway/ticketsystem/adapter/StationAdapter.kt:173:15 Variable 'letter' is never used
w: file:///D:/12306/app/src/main/java/com/railway/ticketsystem/adapter/StationAdapter.kt:232:15 Variable 'letter' is never used
w: file:///D:/12306/app/src/main/java/com/railway/ticketsystem/activity/ChangeTicketActivity.kt:35:32 'getSerializableExtra(String!): Serializable?' is deprecated. Deprecated in Java
w: file:///D:/12306/app/src/main/java/com/railway/ticketsystem/activity/PaymentSuccessActivity.kt:41:79 Unnecessary non-null assertion (!!) on a non-null receiver of type String
w: file:///D:/12306/app/src/main/java/com/railway/ticketsystem/activity/PaymentSuccessActivity.kt:43:73 Unnecessary non-null assertion (!!) on a non-null receiver of type String

> Task :app:compileDebugJavaWithJavac
> Task :app:processDebugJavaRes UP-TO-DATE
> Task :app:mergeDebugJavaResource UP-TO-DATE
> Task :app:dexBuilderDebug
> Task :app:mergeProjectDexDebug
> Task :app:packageDebug
> Task :app:assembleDebug
> Task :app:copyDebugApk
> Task :app:createDebugApkListingFileRedirect UP-TO-DATE

BUILD SUCCESSFUL in 1m 47s
35 actionable tasks: 12 executed, 23 up-to-date
