> Task :app:preBuild UP-TO-DATE
> Task :app:preDebugBuild UP-TO-DATE
> Task :app:mergeDebugNativeDebugMetadata NO-SOURCE
> Task :app:dataBindingMergeDependencyArtifactsDebug UP-TO-DATE
> Task :app:generateDebugResValues UP-TO-DATE
> Task :app:generateDebugResources UP-TO-DATE
> Task :app:mergeDebugResources UP-TO-DATE
> Task :app:packageDebugResources UP-TO-DATE
> Task :app:parseDebugLocalResources UP-TO-DATE
> Task :app:dataBindingGenBaseClassesDebug UP-TO-DATE
> Task :app:checkDebugAarMetadata UP-TO-DATE
> Task :app:mapDebugSourceSetPaths UP-TO-DATE
> Task :app:createDebugCompatibleScreenManifests UP-TO-DATE
> Task :app:extractDeepLinksDebug UP-TO-DATE
> Task :app:processDebugMainManifest UP-TO-DATE
> Task :app:processDebugManifest UP-TO-DATE
> Task :app:processDebugManifestForPackage UP-TO-DATE
> Task :app:processDebugResources UP-TO-DATE
> Task :app:javaPreCompileDebug UP-TO-DATE
> Task :app:mergeDebugShaders UP-TO-DATE
> Task :app:compileDebugShaders NO-SOURCE
> Task :app:generateDebugAssets UP-TO-DATE
> Task :app:mergeDebugAssets UP-TO-DATE
> Task :app:compressDebugAssets UP-TO-DATE
> Task :app:checkDebugDuplicateClasses UP-TO-DATE
> Task :app:desugarDebugFileDependencies UP-TO-DATE
> Task :app:mergeExtDexDebug UP-TO-DATE
> Task :app:mergeLibDexDebug UP-TO-DATE
> Task :app:mergeDebugJniLibFolders UP-TO-DATE
> Task :app:mergeDebugNativeLibs NO-SOURCE
> Task :app:stripDebugDebugSymbols NO-SOURCE
> Task :app:validateSigningDebug UP-TO-DATE
> Task :app:writeDebugAppMetadata UP-TO-DATE
> Task :app:writeDebugSigningConfigVersions UP-TO-DATE

> Task :app:compileDebugKotlin
w: file:///D:/12306/app/src/main/java/com/railway/ticketsystem/activity/AdvancedSearchResultsActivity.kt:123:30 'setter for systemUiVisibility: Int' is deprecated. Deprecated in Java
w: file:///D:/12306/app/src/main/java/com/railway/ticketsystem/activity/AdvancedSearchResultsActivity.kt:123:68 'getter for systemUiVisibility: Int' is deprecated. Deprecated in Java
w: file:///D:/12306/app/src/main/java/com/railway/ticketsystem/activity/AdvancedSearchResultsActivity.kt:123:95 'SYSTEM_UI_FLAG_LIGHT_STATUS_BAR: Int' is deprecated. Deprecated in Java
w: file:///D:/12306/app/src/main/java/com/railway/ticketsystem/activity/AdvancedSearchResultsActivity.kt:126:30 'setter for systemUiVisibility: Int' is deprecated. Deprecated in Java
w: file:///D:/12306/app/src/main/java/com/railway/ticketsystem/activity/AdvancedSearchResultsActivity.kt:126:68 'getter for systemUiVisibility: Int' is deprecated. Deprecated in Java
w: file:///D:/12306/app/src/main/java/com/railway/ticketsystem/activity/AdvancedSearchResultsActivity.kt:126:95 'SYSTEM_UI_FLAG_LIGHT_NAVIGATION_BAR: Int' is deprecated. Deprecated in Java
w: file:///D:/12306/app/src/main/java/com/railway/ticketsystem/activity/AdvancedSearchResultsActivity.kt:428:24 Parameter 'view' is never used
w: file:///D:/12306/app/src/main/java/com/railway/ticketsystem/activity/AdvancedSearchResultsActivity.kt:434:24 Parameter 'view' is never used
w: file:///D:/12306/app/src/main/java/com/railway/ticketsystem/activity/AdvancedSearchResultsActivity.kt:440:24 Parameter 'view' is never used
w: file:///D:/12306/app/src/main/java/com/railway/ticketsystem/activity/OrderConfirmActivity.kt:90:31 'getSerializableExtra(String!): Serializable?' is deprecated. Deprecated in Java
w: file:///D:/12306/app/src/main/java/com/railway/ticketsystem/activity/OrderConfirmActivity.kt:91:32 'getSerializableExtra(String!): Serializable?' is deprecated. Deprecated in Java
w: file:///D:/12306/app/src/main/java/com/railway/ticketsystem/activity/OrderConfirmActivity.kt:115:28 'getSerializableExtra(String!): Serializable?' is deprecated. Deprecated in Java
w: file:///D:/12306/app/src/main/java/com/railway/ticketsystem/activity/SearchResultsActivity.kt:168:30 'setter for systemUiVisibility: Int' is deprecated. Deprecated in Java
w: file:///D:/12306/app/src/main/java/com/railway/ticketsystem/activity/SearchResultsActivity.kt:168:68 'getter for systemUiVisibility: Int' is deprecated. Deprecated in Java
w: file:///D:/12306/app/src/main/java/com/railway/ticketsystem/activity/SearchResultsActivity.kt:168:95 'SYSTEM_UI_FLAG_LIGHT_STATUS_BAR: Int' is deprecated. Deprecated in Java
w: file:///D:/12306/app/src/main/java/com/railway/ticketsystem/activity/SearchResultsActivity.kt:171:30 'setter for systemUiVisibility: Int' is deprecated. Deprecated in Java
w: file:///D:/12306/app/src/main/java/com/railway/ticketsystem/activity/SearchResultsActivity.kt:171:68 'getter for systemUiVisibility: Int' is deprecated. Deprecated in Java
w: file:///D:/12306/app/src/main/java/com/railway/ticketsystem/activity/SearchResultsActivity.kt:171:95 'SYSTEM_UI_FLAG_LIGHT_NAVIGATION_BAR: Int' is deprecated. Deprecated in Java
w: file:///D:/12306/app/src/main/java/com/railway/ticketsystem/activity/SearchResultsActivity.kt:188:24 Parameter 'view' is never used
w: file:///D:/12306/app/src/main/java/com/railway/ticketsystem/activity/SearchResultsActivity.kt:196:24 Parameter 'view' is never used
w: file:///D:/12306/app/src/main/java/com/railway/ticketsystem/activity/SearchResultsActivity.kt:204:24 Parameter 'view' is never used
w: file:///D:/12306/app/src/main/java/com/railway/ticketsystem/activity/SearchResultsActivity.kt:231:57 Type mismatch: inferred type is Date? but Date was expected

> Task :app:compileDebugJavaWithJavac UP-TO-DATE
> Task :app:processDebugJavaRes UP-TO-DATE
> Task :app:mergeDebugJavaResource UP-TO-DATE
> Task :app:dexBuilderDebug
> Task :app:mergeProjectDexDebug
> Task :app:packageDebug
> Task :app:assembleDebug
> Task :app:copyDebugApk
> Task :app:createDebugApkListingFileRedirect UP-TO-DATE

BUILD SUCCESSFUL in 22s
35 actionable tasks: 5 executed, 30 up-to-date
