> Task :app:preBuild UP-TO-DATE
> Task :app:preDebugBuild UP-TO-DATE
> Task :app:mergeDebugNativeDebugMetadata NO-SOURCE
> Task :app:dataBindingMergeDependencyArtifactsDebug UP-TO-DATE
> Task :app:generateDebugResValues UP-TO-DATE
> Task :app:generateDebugResources UP-TO-DATE
> Task :app:packageDebugResources
> Task :app:checkDebugAarMetadata UP-TO-DATE
> Task :app:mapDebugSourceSetPaths
> Task :app:createDebugCompatibleScreenManifests UP-TO-DATE
> Task :app:extractDeepLinksDebug UP-TO-DATE
> Task :app:mergeDebugResources
> Task :app:processDebugMainManifest UP-TO-DATE
> Task :app:parseDebugLocalResources
> Task :app:processDebugManifest UP-TO-DATE
> Task :app:dataBindingGenBaseClassesDebug
> Task :app:processDebugManifestForPackage UP-TO-DATE
> Task :app:javaPreCompileDebug UP-TO-DATE
> Task :app:mergeDebugShaders UP-TO-DATE
> Task :app:compileDebugShaders NO-SOURCE
> Task :app:generateDebugAssets UP-TO-DATE
> Task :app:mergeDebugAssets UP-TO-DATE
> Task :app:compressDebugAssets UP-TO-DATE
> Task :app:checkDebugDuplicateClasses UP-TO-DATE
> Task :app:desugarDebugFileDependencies UP-TO-DATE
> Task :app:mergeExtDexDebug UP-TO-DATE
> Task :app:mergeLibDexDebug UP-TO-DATE
> Task :app:mergeDebugJniLibFolders UP-TO-DATE
> Task :app:mergeDebugNativeLibs NO-SOURCE
> Task :app:stripDebugDebugSymbols NO-SOURCE
> Task :app:validateSigningDebug UP-TO-DATE
> Task :app:writeDebugAppMetadata UP-TO-DATE
> Task :app:writeDebugSigningConfigVersions UP-TO-DATE
> Task :app:processDebugResources

> Task :app:compileDebugKotlin
w: file:///D:/12306/app/src/main/java/com/railway/ticketsystem/MainActivity.kt:224:36 Parameter 'fragment' is never used
w: file:///D:/12306/app/src/main/java/com/railway/ticketsystem/activity/SearchResultsActivity.kt:167:30 'setter for systemUiVisibility: Int' is deprecated. Deprecated in Java
w: file:///D:/12306/app/src/main/java/com/railway/ticketsystem/activity/SearchResultsActivity.kt:167:68 'getter for systemUiVisibility: Int' is deprecated. Deprecated in Java
w: file:///D:/12306/app/src/main/java/com/railway/ticketsystem/activity/SearchResultsActivity.kt:167:95 'SYSTEM_UI_FLAG_LIGHT_STATUS_BAR: Int' is deprecated. Deprecated in Java
w: file:///D:/12306/app/src/main/java/com/railway/ticketsystem/activity/SearchResultsActivity.kt:170:30 'setter for systemUiVisibility: Int' is deprecated. Deprecated in Java
w: file:///D:/12306/app/src/main/java/com/railway/ticketsystem/activity/SearchResultsActivity.kt:170:68 'getter for systemUiVisibility: Int' is deprecated. Deprecated in Java
w: file:///D:/12306/app/src/main/java/com/railway/ticketsystem/activity/SearchResultsActivity.kt:170:95 'SYSTEM_UI_FLAG_LIGHT_NAVIGATION_BAR: Int' is deprecated. Deprecated in Java
w: file:///D:/12306/app/src/main/java/com/railway/ticketsystem/activity/SearchResultsActivity.kt:187:24 Parameter 'view' is never used
w: file:///D:/12306/app/src/main/java/com/railway/ticketsystem/activity/SearchResultsActivity.kt:195:24 Parameter 'view' is never used
w: file:///D:/12306/app/src/main/java/com/railway/ticketsystem/activity/SearchResultsActivity.kt:203:24 Parameter 'view' is never used
w: file:///D:/12306/app/src/main/java/com/railway/ticketsystem/activity/SearchResultsActivity.kt:230:57 Type mismatch: inferred type is Date? but Date was expected
w: file:///D:/12306/app/src/main/java/com/railway/ticketsystem/adapter/StationAdapter.kt:173:15 Variable 'letter' is never used
w: file:///D:/12306/app/src/main/java/com/railway/ticketsystem/adapter/StationAdapter.kt:232:15 Variable 'letter' is never used
w: file:///D:/12306/app/src/main/java/com/railway/ticketsystem/adapter/StationListAdapter.kt:30:36 Parameter 'position' is never used

> Task :app:compileDebugJavaWithJavac
> Task :app:processDebugJavaRes UP-TO-DATE
> Task :app:mergeDebugJavaResource UP-TO-DATE
> Task :app:dexBuilderDebug
> Task :app:mergeProjectDexDebug
> Task :app:packageDebug
> Task :app:assembleDebug
> Task :app:copyDebugApk
> Task :app:createDebugApkListingFileRedirect UP-TO-DATE

BUILD SUCCESSFUL in 19s
35 actionable tasks: 12 executed, 23 up-to-date
